// Jest Snapshot v1, https://goo.gl/fbAQLP

exports[`Home renders successfully 1`] = `
<DocumentFragment>
  <div
    class="widgetsContainer"
  >
    <button
      class="MuiButtonBase-root MuiFab-root addWidgetFab MuiFab-primary"
      tabindex="0"
      title="Add Widget"
      type="button"
    >
      <span
        class="MuiFab-label"
      >
        <svg
          aria-hidden="true"
          class="MuiSvgIcon-root"
          focusable="false"
          viewBox="0 0 24 24"
        >
          <path
            d="M19 13h-6v6h-2v-6H5v-2h6V5h2v6h6v2z"
          />
        </svg>
      </span>
      <span
        class="MuiTouchRipple-root"
      />
    </button>
    <div />
    <div />
    <div />
    <div />
    <div />
  </div>
</DocumentFragment>
`;
