// Jest Snapshot v1, https://goo.gl/fbAQLP

exports[`PrivateRoute renders successfully 1`] = `<DocumentFragment />`;
